Microchip MPLAB XC8 Compiler V1.33 ()

Linker command line:

--edf=/Applications/microchip/xc8/v1.33/dat/en_msgs.txt -cs \
  -h+dist/default/debug/FFT.X.debug.sym \
  --cmf=dist/default/debug/FFT.X.debug.cmf -z -Q18F25K22 -o/tmp/cgtuFJmRe \
  -Mdist/default/debug/FFT.X.debug.map -E1 -ver=XC8 -ASTACK=0180h-05ffh \
  -pstack=STACK -ACODE=00h-07FFFh -ACONST=00h-07FFFh \
  -ASMALLCONST=0600h-06FFhx122 -AMEDIUMCONST=0600h-07FFFh -ACOMRAM=01h-05Fh \
  -AABS1=00h-05FFh -ABIGRAM=01h-05FFh -ARAM=060h-0FFh,0100h-01FFhx5 \
  -ABANK0=060h-0FFh -ABANK1=0100h-01FFh -ABANK2=0200h-02FFh \
  -ABANK3=0300h-03FFh -ABANK4=0400h-04FFh -ABANK5=0500h-05FFh \
  -ASFR=0F38h-0F5Fh,0F60h-0FFCh \
  -preset_vec=00h,intcode,intcodelo,powerup,init,end_init -pramtop=0600h \
  -psmallconst=SMALLCONST -pmediumconst=MEDIUMCONST -pconst=CONST \
  -AFARRAM=00h-00h -ACONFIG=0300000h-030000Dh -pconfig=CONFIG \
  -AIDLOC=0200000h-0200007h -pidloc=IDLOC -AEEDATA=0F00000h-0F000FFh \
  -peeprom_data=EEDATA \
  -prdata=COMRAM,nvrram=COMRAM,nvbit=COMRAM,rbss=COMRAM,rbit=COMRAM \
  -pfarbss=FARRAM,fardata=FARRAM,nvFARRAM=FARRAM \
  -pintsave_regs=BIGRAM,bigbss=BIGRAM,bigdata=BIGRAM -pbss=RAM \
  -pidata=CODE,irdata=CODE,ibigdata=CODE,ifardata=CODE /tmp/cgtyck67h.obj \
  dist/default/debug/FFT.X.debug.obj 

Object code version is 3.11

Machine type is 18F25K22

Call graph: (short form)




                Name                               Link     Load   Length Selector   Space Scale
/tmp/cgtyck67h.obj
                end_init                              2        2        4        0       0
                reset_vec                             0        0        2        0       0
                idloc                            200000   200000        8   200000       0
                config                           300000   300000        E   300000       0
dist/default/debug/FFT.X.debug.obj
                mediumconst                        79FE     79FE      602     3CFF       0
                text8                              6CA0     6CA0        C     3650       0
                text7                              6C92     6C92        4     3649       0
                text6                              6CAC     6CAC       10     3656       0
                text5                              6D04     6D04       4E     3682       0
                text4                              6C96     6C96        A     364B       0
                text3                              6CDE     6CDE       26     366F       0
                text2                              6D52     6D52       56     36A9       0
                text1                              7272     7272      78C     3939       0
                text0                              6DA8     6DA8      4CA     36D4       0
                cstackCOMRAM                          1        1       59        1       1
                cstackBANK0                          E0       E0        C       60       1
                bssBANK1                            100      100       80      100       1
                bssBANK0                             60       60       80       60       1
                cinit                              6CBC     6CBC       22     365E       0

TOTAL           Name                               Link     Load   Length     Space
        CLASS   STACK          

        CLASS   CODE           
                end_init                              2        2        4         0
                reset_vec                             0        0        2         0
                text8                              6CA0     6CA0        C         0
                text7                              6C92     6C92        4         0
                text6                              6CAC     6CAC       10         0
                text5                              6D04     6D04       4E         0
                text4                              6C96     6C96        A         0
                text3                              6CDE     6CDE       26         0
                text2                              6D52     6D52       56         0
                text1                              7272     7272      78C         0
                text0                              6DA8     6DA8      4CA         0
                cinit                              6CBC     6CBC       22         0

        CLASS   CONST          

        CLASS   SMALLCONST     

        CLASS   MEDIUMCONST    
                mediumconst                        79FE     79FE      602         0

        CLASS   COMRAM         
                cstackCOMRAM                          1        1       59         1

        CLASS   ABS1           

        CLASS   BIGRAM         

        CLASS   RAM            

        CLASS   BANK0          
                cstackBANK0                          E0       E0        C         1
                bssBANK0                             60       60       80         1

        CLASS   BANK1          
                bssBANK1                            100      100       80         1

        CLASS   BANK2          

        CLASS   BANK3          

        CLASS   BANK4          

        CLASS   BANK5          

        CLASS   SFR            

        CLASS   FARRAM         

        CLASS   CONFIG         
                config                           300000   300000        E         0

        CLASS   IDLOC          
                idloc                            200000   200000        8         0

        CLASS   EEDATA         



SEGMENTS        Name                           Load    Length   Top    Selector   Space  Class

                reset_vec                      000000  000006  000006         0       0  CODE    
                cstackCOMRAM                   000001  000059  00005A         1       1  COMRAM  
                bssBANK0                       000060  00008C  0000EC        60       1  BANK0   
                bssBANK1                       000100  000080  000180       100       1  BANK1   
                text7                          006C92  000004  006C96      3649       0  CODE    
                text4                          006C96  00000A  006CA0      364B       0  CODE    
                text8                          006CA0  00000C  006CAC      3650       0  CODE    
                text6                          006CAC  000010  006CBC      3656       0  CODE    
                cinit                          006CBC  000022  006CDE      365E       0  CODE    
                text3                          006CDE  000026  006D04      366F       0  CODE    
                text5                          006D04  00004E  006D52      3682       0  CODE    
                text2                          006D52  000056  006DA8      36A9       0  CODE    
                text0                          006DA8  0004CA  007272      36D4       0  CODE    
                text1                          007272  00078C  0079FE      3939       0  CODE    
                mediumconst                    0079FE  000602  008000      3CFF       0  MEDIUMCO
                idloc                          200000  000008  200008    200000       0  IDLOC   
                config                         300000  00000E  30000E    300000       0  CONFIG  


UNUSED ADDRESS RANGES

        Name                Unused          Largest block    Delta
        BANK0            0000EC-0000FF               14
        BANK1            000180-0001FF               80
        BANK2            000200-0002FF              100
        BANK3            000300-0003FF              100
        BANK4            000400-0004FF              100
        BANK5            000500-0005FF              100
        BIGRAM           00005A-00005F                6
                         0000EC-0000FF               14
                         000180-0005FF              480
        CODE             000006-006C91             6C8C
        COMRAM           00005A-00005F                6
        CONST            000006-006C91             6C8C
        EEDATA           F00000-F000FF              100
        MEDIUMCONST      000600-006C91             6692
        RAM              0000EC-0000FF               14
                         000180-0005FF              100
        SFR              000F38-000FFC               28
        SMALLCONST       000600-006C91              100
        STACK            000180-0005FF              480

                                  Symbol Table

?_ReadADC                cstackCOMRAM 000001
?___lmul                 cstackCOMRAM 000001
?___wmul                 cstackCOMRAM 000001
Delay10TCYx@unit         cstackCOMRAM 000001
OpenADC@config           cstackCOMRAM 000005
OpenADC@config2          cstackCOMRAM 000001
OpenADC@config3          cstackCOMRAM 000002
_ADCON0                  (abs)        000FC2
_ADCON0bits              (abs)        000FC2
_ADCON1                  (abs)        000FC1
_ADCON2                  (abs)        000FC0
_ADRESH                  (abs)        000FC4
_ADRESL                  (abs)        000FC3
_BusyADC                 text8        006CA0
_ConvertADC              text7        006C92
_Delay10TCYx             text6        006CAC
_INTCONbits              (abs)        000FF2
_LATC                    (abs)        000F8B
_OSCCONbits              (abs)        000FD3
_OSCTUNEbits             (abs)        000F9B
_OpenADC                 text5        006D04
_PIE1bits                (abs)        000F9D
_PIR1bits                (abs)        000F9E
_ReadADC                 text4        006C96
_Sinewave                mediumconst  0079FF
_TRISC                   (abs)        000F94
__CFG_FOSC$INTIO67       (abs)        000000
__CFG_LVP$OFF            (abs)        000000
__CFG_PBADEN$ON          (abs)        000000
__CFG_PLLCFG$OFF         (abs)        000000
__CFG_PRICLKEN$OFF       (abs)        000000
__CFG_WDTEN$OFF          (abs)        000000
__HRAM                   (abs)        000000
__Habs1                  abs1         000000
__Hbank0                 bank0        000000
__Hbank1                 bank1        000000
__Hbank2                 bank2        000000
__Hbank3                 bank3        000000
__Hbank4                 bank4        000000
__Hbank5                 bank5        000000
__Hbigbss                bigbss       000000
__Hbigdata               bigdata      000000
__Hbigram                bigram       000000
__Hbss                   bss          000000
__HbssBANK0              bssBANK0     000000
__HbssBANK1              bssBANK1     000000
__Hcinit                 cinit        000000
__Hclrtext               clrtext      000000
__Hcomram                comram       000000
__Hconfig                config       30000E
__Hconst                 const        000000
__HcstackBANK0           cstackBANK0  000000
__HcstackCOMRAM          cstackCOMRAM 000000
__Hdata                  data         000000
__Heeprom_data           eeprom_data  000000
__Hend_init              end_init     000006
__Hfarbss                farbss       000000
__Hfardata               fardata      000000
__Hibigdata              ibigdata     000000
__Hidata                 idata        000000
__Hidloc                 idloc        200008
__Hifardata              ifardata     000000
__Hinit                  init         000002
__Hintcode               intcode      000002
__Hintcode_body          intcode_body 000000
__Hintcodelo             intcodelo    000002
__Hintentry              intentry     000000
__Hintret                intret       000000
__Hintsave_regs          intsave_regs 000000
__Hirdata                irdata       000000
__Hmediumconst           mediumconst  008000
__HnvFARRAM              nvFARRAM     000000
__Hnvbit                 nvbit        000000
__Hnvrram                nvrram       000000
__Hparam                 rparam       000000
__Hpowerup               powerup      000002
__Hram                   ram          000000
__Hramtop                ramtop       000600
__Hrbit                  rbit         000000
__Hrbss                  rbss         000000
__Hrdata                 rdata        000000
__Hreset_vec             reset_vec    000002
__Hrparam                rparam       000000
__Hsfr                   sfr          000000
__Hsmallconst            smallconst   000000
__Hspace_0               (abs)        30000E
__Hspace_1               (abs)        000180
__Hspace_2               (abs)        000000
__Hstack                 stack        000000
__Hstruct                struct       000000
__Htemp                  temp         000000
__Htext                  text         000000
__Htext0                 text0        000000
__Htext1                 text1        000000
__Htext2                 text2        000000
__Htext3                 text3        000000
__Htext4                 text4        000000
__Htext5                 text5        000000
__Htext6                 text6        000000
__Htext7                 text7        000000
__Htext8                 text8        000000
__LRAM                   (abs)        000001
__Labs1                  abs1         000000
__Lbank0                 bank0        000000
__Lbank1                 bank1        000000
__Lbank2                 bank2        000000
__Lbank3                 bank3        000000
__Lbank4                 bank4        000000
__Lbank5                 bank5        000000
__Lbigbss                bigbss       000000
__Lbigdata               bigdata      000000
__Lbigram                bigram       000000
__Lbss                   bss          000000
__LbssBANK0              bssBANK0     000000
__LbssBANK1              bssBANK1     000000
__Lcinit                 cinit        000000
__Lclrtext               clrtext      000000
__Lcomram                comram       000000
__Lconfig                config       300000
__Lconst                 const        000000
__LcstackBANK0           cstackBANK0  000000
__LcstackCOMRAM          cstackCOMRAM 000000
__Ldata                  data         000000
__Leeprom_data           eeprom_data  000000
__Lend_init              end_init     000002
__Lfarbss                farbss       000000
__Lfardata               fardata      000000
__Libigdata              ibigdata     000000
__Lidata                 idata        000000
__Lidloc                 idloc        200000
__Lifardata              ifardata     000000
__Linit                  init         000002
__Lintcode               intcode      000002
__Lintcode_body          intcode_body 000000
__Lintcodelo             intcodelo    000002
__Lintentry              intentry     000000
__Lintret                intret       000000
__Lintsave_regs          intsave_regs 000000
__Lirdata                irdata       000000
__Lmediumconst           mediumconst  0079FE
__LnvFARRAM              nvFARRAM     000000
__Lnvbit                 nvbit        000000
__Lnvrram                nvrram       000000
__Lparam                 rparam       000000
__Lpowerup               powerup      000002
__Lram                   ram          000000
__Lramtop                ramtop       000600
__Lrbit                  rbit         000000
__Lrbss                  rbss         000000
__Lrdata                 rdata        000000
__Lreset_vec             reset_vec    000000
__Lrparam                rparam       000000
__Lsfr                   sfr          000000
__Lsmallconst            smallconst   000000
__Lspace_0               (abs)        000000
__Lspace_1               (abs)        000000
__Lspace_2               (abs)        000000
__Lstack                 stack        000000
__Lstruct                struct       000000
__Ltemp                  temp         000000
__Ltext                  text         000000
__Ltext0                 text0        000000
__Ltext1                 text1        000000
__Ltext2                 text2        000000
__Ltext3                 text3        000000
__Ltext4                 text4        000000
__Ltext5                 text5        000000
__Ltext6                 text6        000000
__Ltext7                 text7        000000
__Ltext8                 text8        000000
__S0                     (abs)        30000E
__S1                     (abs)        000180
__S2                     (abs)        000000
___inthi_sp              stack        000000
___intlo_sp              stack        000000
___lmul                  text2        006D52
___lmul@multiplicand     cstackCOMRAM 000005
___lmul@multiplier       cstackCOMRAM 000001
___lmul@product          cstackCOMRAM 000009
___sp                    stack        000000
___wmul                  text3        006CDE
___wmul@multiplicand     cstackCOMRAM 000003
___wmul@multiplier       cstackCOMRAM 000001
___wmul@product          cstackCOMRAM 000005
__accesstop              (abs)        000060
__activetblptr           (abs)        000002
__end_of_BusyADC         text8        006CAC
__end_of_ConvertADC      text7        006C96
__end_of_Delay10TCYx     text6        006CBC
__end_of_OpenADC         text5        006D52
__end_of_ReadADC         text4        006CA0
__end_of_Sinewave        mediumconst  007FFF
__end_of___lmul          text2        006DA8
__end_of___wmul          text3        006D04
__end_of__initialization cinit        006CD4
__end_of_fix_fft         text1        0079FE
__end_of_main            text0        007272
__initialization         cinit        006CBC
__mediumconst            mediumconst  0079FE
__pbssBANK0              bssBANK0     000060
__pbssBANK1              bssBANK1     000100
__pcinit                 cinit        006CBC
__pcstackBANK0           cstackBANK0  0000E0
__pcstackCOMRAM          cstackCOMRAM 000001
__pmediumconst           mediumconst  0079FE
__ptext0                 text0        006DA8
__ptext1                 text1        007272
__ptext2                 text2        006D52
__ptext3                 text3        006CDE
__ptext4                 text4        006C96
__ptext5                 text5        006D04
__ptext6                 text6        006CAC
__ptext7                 text7        006C92
__ptext8                 text8        006CA0
__ramtop                 ramtop       000600
__size_of_BusyADC        (abs)        000000
__size_of_ConvertADC     (abs)        000000
__size_of_Delay10TCYx    (abs)        000000
__size_of_OpenADC        (abs)        000000
__size_of_ReadADC        (abs)        000000
__size_of___lmul         (abs)        000000
__size_of___wmul         (abs)        000000
__size_of_fix_fft        (abs)        000000
__size_of_main           (abs)        000000
__smallconst             smallconst   000000
_fix_fft                 text1        007272
_imaginaryNumbers        bssBANK1     000100
_main                    text0        006DA8
_realNumbers             bssBANK0     000060
end_of_initialization    cinit        006CD4
fix_fft@b                cstackCOMRAM 000037
fix_fft@c                cstackCOMRAM 000049
fix_fft@fi               cstackCOMRAM 00000F
fix_fft@fr               cstackCOMRAM 00000D
fix_fft@i                cstackCOMRAM 000039
fix_fft@istep            cstackCOMRAM 000023
fix_fft@j                cstackCOMRAM 000045
fix_fft@k                cstackCOMRAM 00001B
fix_fft@l                cstackCOMRAM 000041
fix_fft@m                cstackCOMRAM 000011
fix_fft@mr               cstackCOMRAM 00003D
fix_fft@n                cstackCOMRAM 00002F
fix_fft@nn               cstackCOMRAM 00001F
fix_fft@qi               cstackCOMRAM 000029
fix_fft@qr               cstackCOMRAM 000027
fix_fft@ti               cstackCOMRAM 000035
fix_fft@tr               cstackCOMRAM 000033
fix_fft@wi               cstackCOMRAM 00002D
fix_fft@wr               cstackCOMRAM 00002B
intlevel0                text         000000
intlevel1                text         000000
intlevel2                text         000000
intlevel3                text         000000
main@i                   cstackBANK0  0000E8
main@k                   cstackBANK0  0000EA
main@place               cstackBANK0  0000E4
main@root                cstackBANK0  0000E0
stackhi                  (abs)        0005FF
stacklo                  (abs)        000180
start                    init         000002
start_initialization     cinit        006CBC


FUNCTION INFORMATION:

 *************** function _main *****************
 Defined at:
		line 24 in file "ADC main 25k22.c"
 Parameters:    Size  Location     Type
		None
 Auto vars:     Size  Location     Type
  k               2   10[BANK0 ] int 
  place           4    4[BANK0 ] long 
  root            4    0[BANK0 ] long 
  i               2    8[BANK0 ] short 
  adc_value       2    0        unsigned int 
 Return value:  Size  Location     Type
		None               void
 Registers used:
		wreg, fsr1l, fsr1h, fsr2l, fsr2h, status,2, status,0, tblptrl, tblptrh, tblptru, prodl, prodh, cstack
 Tracked objects:
		On entry : 
		On exit  : 
		Unchanged: 
 Data sizes:     COMRAM   BANK0   BANK1   BANK2   BANK3   BANK4   BANK5
      Params:         0       0       0       0       0       0       0
      Locals:         0      12       0       0       0       0       0
      Temps:         13       0       0       0       0       0       0
      Totals:        13      12       0       0       0       0       0
Total ram usage:       25 bytes
 Hardware stack levels required when called:    2
 This function calls:
		_BusyADC
		_ConvertADC
		_Delay10TCYx
		_OpenADC
		_ReadADC
		___wmul
		_fix_fft
 This function is called by:
		Startup code after reset
 This function uses a non-reentrant model


 *************** function _fix_fft *****************
 Defined at:
		line 52 in file "fft.c"
 Parameters:    Size  Location     Type
  fr              2   12[COMRAM] PTR short 
		 -> realNumbers(128), 
  fi              2   14[COMRAM] PTR short 
		 -> imaginaryNumbers(128), 
  m               2   16[COMRAM] short 
 Auto vars:     Size  Location     Type
  c               4   72[COMRAM] long 
  b               2   54[COMRAM] short 
  j               4   68[COMRAM] long 
  l               4   64[COMRAM] long 
  mr              4   60[COMRAM] long 
  i               4   56[COMRAM] long 
  n               4   46[COMRAM] long 
  istep           4   34[COMRAM] long 
  nn              4   30[COMRAM] long 
  k               4   26[COMRAM] long 
  shift           4    0        long 
  ti              2   52[COMRAM] short 
  tr              2   50[COMRAM] short 
  wi              2   44[COMRAM] short 
  wr              2   42[COMRAM] short 
  qi              2   40[COMRAM] short 
  qr              2   38[COMRAM] short 
 Return value:  Size  Location     Type
		None               void
 Registers used:
		wreg, fsr1l, fsr1h, fsr2l, fsr2h, status,2, status,0, tblptrl, tblptrh, tblptru, cstack
 Tracked objects:
		On entry : 
		On exit  : 
		Unchanged: 
 Data sizes:     COMRAM   BANK0   BANK1   BANK2   BANK3   BANK4   BANK5
      Params:         6       0       0       0       0       0       0
      Locals:        50       0       0       0       0       0       0
      Temps:          8       0       0       0       0       0       0
      Totals:        64       0       0       0       0       0       0
Total ram usage:       64 bytes
 Hardware stack levels used:    1
 Hardware stack levels required when called:    1
 This function calls:
		___lmul
 This function is called by:
		_main
 This function uses a non-reentrant model


 *************** function ___lmul *****************
 Defined at:
		line 15 in file "/Applications/microchip/xc8/v1.33/sources/common/Umul32.c"
 Parameters:    Size  Location     Type
  multiplier      4    0[COMRAM] unsigned long 
  multiplicand    4    4[COMRAM] unsigned long 
 Auto vars:     Size  Location     Type
  product         4    8[COMRAM] unsigned long 
 Return value:  Size  Location     Type
                  4    0[COMRAM] unsigned long 
 Registers used:
		wreg, status,2, status,0
 Tracked objects:
		On entry : 
		On exit  : 
		Unchanged: 
 Data sizes:     COMRAM   BANK0   BANK1   BANK2   BANK3   BANK4   BANK5
      Params:         8       0       0       0       0       0       0
      Locals:         4       0       0       0       0       0       0
      Temps:          0       0       0       0       0       0       0
      Totals:        12       0       0       0       0       0       0
Total ram usage:       12 bytes
 Hardware stack levels used:    1
 This function calls:
		Nothing
 This function is called by:
		_fix_fft
 This function uses a non-reentrant model


 *************** function ___wmul *****************
 Defined at:
		line 15 in file "/Applications/microchip/xc8/v1.33/sources/common/Umul16.c"
 Parameters:    Size  Location     Type
  multiplier      2    0[COMRAM] unsigned int 
  multiplicand    2    2[COMRAM] unsigned int 
 Auto vars:     Size  Location     Type
  product         2    4[COMRAM] unsigned int 
 Return value:  Size  Location     Type
                  2    0[COMRAM] unsigned int 
 Registers used:
		wreg, status,2, status,0, prodl, prodh
 Tracked objects:
		On entry : 
		On exit  : 
		Unchanged: 
 Data sizes:     COMRAM   BANK0   BANK1   BANK2   BANK3   BANK4   BANK5
      Params:         4       0       0       0       0       0       0
      Locals:         2       0       0       0       0       0       0
      Temps:          0       0       0       0       0       0       0
      Totals:         6       0       0       0       0       0       0
Total ram usage:        6 bytes
 Hardware stack levels used:    1
 This function calls:
		Nothing
 This function is called by:
		_main
 This function uses a non-reentrant model


 *************** function _ReadADC *****************
 Defined at:
		line 24 in file "/Applications/microchip/xc8/v1.33/sources/pic18/plib/ADC/adcread.c"
 Parameters:    Size  Location     Type
		None
 Auto vars:     Size  Location     Type
		None
 Return value:  Size  Location     Type
                  2    0[COMRAM] int 
 Registers used:
		wreg, status,2
 Tracked objects:
		On entry : 
		On exit  : 
		Unchanged: 
 Data sizes:     COMRAM   BANK0   BANK1   BANK2   BANK3   BANK4   BANK5
      Params:         2       0       0       0       0       0       0
      Locals:         0       0       0       0       0       0       0
      Temps:          0       0       0       0       0       0       0
      Totals:         2       0       0       0       0       0       0
Total ram usage:        2 bytes
 Hardware stack levels used:    1
 This function calls:
		Nothing
 This function is called by:
		_main
 This function uses a non-reentrant model


 *************** function _OpenADC *****************
 Defined at:
		line 305 in file "/Applications/microchip/xc8/v1.33/sources/pic18/plib/ADC/adcopen.c"
 Parameters:    Size  Location     Type
  config          1    wreg     unsigned char 
  config2         1    0[COMRAM] unsigned char 
  config3         1    1[COMRAM] unsigned char 
 Auto vars:     Size  Location     Type
  config          1    4[COMRAM] unsigned char 
 Return value:  Size  Location     Type
		None               void
 Registers used:
		wreg, status,2, status,0
 Tracked objects:
		On entry : 
		On exit  : 
		Unchanged: 
 Data sizes:     COMRAM   BANK0   BANK1   BANK2   BANK3   BANK4   BANK5
      Params:         2       0       0       0       0       0       0
      Locals:         1       0       0       0       0       0       0
      Temps:          2       0       0       0       0       0       0
      Totals:         5       0       0       0       0       0       0
Total ram usage:        5 bytes
 Hardware stack levels used:    1
 This function calls:
		Nothing
 This function is called by:
		_main
 This function uses a non-reentrant model


 *************** function _Delay10TCYx *****************
 Defined at:
		line 8 in file "/Applications/microchip/xc8/v1.33/sources/pic18/d10tcyx.c"
 Parameters:    Size  Location     Type
  unit            1    wreg     unsigned char 
 Auto vars:     Size  Location     Type
  unit            1    0[COMRAM] unsigned char 
 Return value:  Size  Location     Type
		None               void
 Registers used:
		wreg
 Tracked objects:
		On entry : 
		On exit  : 
		Unchanged: 
 Data sizes:     COMRAM   BANK0   BANK1   BANK2   BANK3   BANK4   BANK5
      Params:         0       0       0       0       0       0       0
      Locals:         1       0       0       0       0       0       0
      Temps:          0       0       0       0       0       0       0
      Totals:         1       0       0       0       0       0       0
Total ram usage:        1 bytes
 Hardware stack levels used:    1
 This function calls:
		Nothing
 This function is called by:
		_main
 This function uses a non-reentrant model


 *************** function _ConvertADC *****************
 Defined at:
		line 22 in file "/Applications/microchip/xc8/v1.33/sources/pic18/plib/ADC/adcconv.c"
 Parameters:    Size  Location     Type
		None
 Auto vars:     Size  Location     Type
		None
 Return value:  Size  Location     Type
		None               void
 Registers used:
		None
 Tracked objects:
		On entry : 
		On exit  : 
		Unchanged: 
 Data sizes:     COMRAM   BANK0   BANK1   BANK2   BANK3   BANK4   BANK5
      Params:         0       0       0       0       0       0       0
      Locals:         0       0       0       0       0       0       0
      Temps:          0       0       0       0       0       0       0
      Totals:         0       0       0       0       0       0       0
Total ram usage:        0 bytes
 Hardware stack levels used:    1
 This function calls:
		Nothing
 This function is called by:
		_main
 This function uses a non-reentrant model


 *************** function _BusyADC *****************
 Defined at:
		line 26 in file "/Applications/microchip/xc8/v1.33/sources/pic18/plib/ADC/adcbusy.c"
 Parameters:    Size  Location     Type
		None
 Auto vars:     Size  Location     Type
		None
 Return value:  Size  Location     Type
                  1    wreg      unsigned char 
 Registers used:
		wreg
 Tracked objects:
		On entry : 
		On exit  : 
		Unchanged: 
 Data sizes:     COMRAM   BANK0   BANK1   BANK2   BANK3   BANK4   BANK5
      Params:         0       0       0       0       0       0       0
      Locals:         0       0       0       0       0       0       0
      Temps:          0       0       0       0       0       0       0
      Totals:         0       0       0       0       0       0       0
Total ram usage:        0 bytes
 Hardware stack levels used:    1
 This function calls:
		Nothing
 This function is called by:
		_main
 This function uses a non-reentrant model



MODULE INFORMATION

Module		Function		Class		Link	Load	Size
ADC main 25k22.c
		_main          		CODE           	6DA8	0000	1226

ADC main 25k22.c estimated size: 1226

/Applications/microchip/xc8/v1.33/sources/pic18/plib/ADC/adcbusy.c
		_BusyADC       		CODE           	6CA0	0000	12

/Applications/microchip/xc8/v1.33/sources/pic18/plib/ADC/adcbusy.c estimated size: 12

/Applications/microchip/xc8/v1.33/sources/pic18/plib/ADC/adcread.c
		_ReadADC       		CODE           	6C96	0000	10

/Applications/microchip/xc8/v1.33/sources/pic18/plib/ADC/adcread.c estimated size: 10

/Applications/microchip/xc8/v1.33/sources/common/Umul16.c
		___wmul        		CODE           	6CDE	0000	38

/Applications/microchip/xc8/v1.33/sources/common/Umul16.c estimated size: 38

/Applications/microchip/xc8/v1.33/sources/common/Umul32.c
		___lmul        		CODE           	6D52	0000	86

/Applications/microchip/xc8/v1.33/sources/common/Umul32.c estimated size: 86

/Applications/microchip/xc8/v1.33/sources/pic18/plib/ADC/adcconv.c
		_ConvertADC    		CODE           	6C92	0000	4

/Applications/microchip/xc8/v1.33/sources/pic18/plib/ADC/adcconv.c estimated size: 4

shared
		__initializatio		CODE           	6CBC	0000	24
		_Sinewave      		MEDIUMCONST    	79FF	0000	1536

shared estimated size: 1560

/Applications/microchip/xc8/v1.33/sources/pic18/d10tcyx.c
		_Delay10TCYx   		CODE           	6CAC	0000	16

/Applications/microchip/xc8/v1.33/sources/pic18/d10tcyx.c estimated size: 16

fft.c
		_fix_fft       		CODE           	7272	0000	1932

fft.c estimated size: 1932

/Applications/microchip/xc8/v1.33/sources/pic18/plib/ADC/adcopen.c
		_OpenADC       		CODE           	6D04	0000	78

/Applications/microchip/xc8/v1.33/sources/pic18/plib/ADC/adcopen.c estimated size: 78

